// Jest Snapshot v1, https://goo.gl/fbAQLP

exports[`MessageList render with snapshot 1`] = `
<DocumentFragment>
  <ul
    class="first"
  />
</DocumentFragment>
`;
